writing to data\v1  (3 workers)
  train: train_000 already complete, skipping
  train: train_001 already complete, skipping
  train: train_002 already complete, skipping
  train: train_003 already complete, skipping
  train: train_004 already complete, skipping
  train: train_005 already complete, skipping
  train: train_006 already complete, skipping
  train: train_007 already complete, skipping
  train: train_008 already complete, skipping
  train: train_009 already complete, skipping
  train: train_010 already complete, skipping
  train: train_011 already complete, skipping
  train: train_012 already complete, skipping
  train: train_013 already complete, skipping
  train: 3525/6000 episodes (12.0/min, ~205.7 min left)
  train: 3550/6000 episodes (11.0/min, ~223.0 min left)
  train: 3575/6000 episodes (11.8/min, ~205.6 min left)
  train: 3600/6000 episodes (11.8/min, ~204.0 min left)
Traceback (most recent call last):
  File "<string>", line 1, in <module>
  File "C:\Program Files\WindowsApps\PythonSoftwareFoundation.Python.3.11_3.11.2544.0_x64__qbz5n2kfra8p0\Lib\multiprocessing\spawn.py", line 108, in spawn_main
    source_process = _winapi.OpenProcess(
                     ^^^^^^^^^^^^^^^^^^^^
OSError: [WinError 87] The parameter is incorrect
